Archive member included because of file (symbol)

.\CortexM3\ARM_GCC_493\Debug\MPI_4_Channel.a(cyfitter_cfg.o)
                              .\CortexM3\ARM_GCC_493\Debug\Cm3Start.o (cyfitter_cfg)
.\CortexM3\ARM_GCC_493\Debug\MPI_4_Channel.a(UART_1.o)
                              .\CortexM3\ARM_GCC_493\Debug\main.o (UART_1_Start)
.\CortexM3\ARM_GCC_493\Debug\MPI_4_Channel.a(UART_1_INT.o)
                              .\CortexM3\ARM_GCC_493\Debug\MPI_4_Channel.a(UART_1.o) (UART_1_RXISR)
.\CortexM3\ARM_GCC_493\Debug\MPI_4_Channel.a(Em_EEPROM_1.o)
                              .\CortexM3\ARM_GCC_493\Debug\main.o (Em_EEPROM_1_Write)
.\CortexM3\ARM_GCC_493\Debug\MPI_4_Channel.a(CyFlash.o)
                              .\CortexM3\ARM_GCC_493\Debug\MPI_4_Channel.a(Em_EEPROM_1.o) (CySetTemp)
.\CortexM3\ARM_GCC_493\Debug\MPI_4_Channel.a(CyLib.o)
                              .\CortexM3\ARM_GCC_493\Debug\Cm3Start.o (CyHalt)
.\CortexM3\ARM_GCC_493\Debug\MPI_4_Channel.a(cyPm.o)
                              .\CortexM3\ARM_GCC_493\Debug\MPI_4_Channel.a(CyLib.o) (CyPmReadStatus)
.\CortexM3\ARM_GCC_493\Debug\MPI_4_Channel.a(CySpc.o)
                              .\CortexM3\ARM_GCC_493\Debug\MPI_4_Channel.a(CyFlash.o) (CySpcStart)
.\CortexM3\ARM_GCC_493\Debug\MPI_4_Channel.a(isr_rx.o)
                              .\CortexM3\ARM_GCC_493\Debug\main.o (isr_rx_StartEx)
.\CortexM3\ARM_GCC_493\Debug\MPI_4_Channel.a(UART_1_IntClock.o)
                              .\CortexM3\ARM_GCC_493\Debug\MPI_4_Channel.a(UART_1.o) (UART_1_IntClock_Start)
.\CortexM3\ARM_GCC_493\Debug\MPI_4_Channel.a(LED.o)
                              .\CortexM3\ARM_GCC_493\Debug\main.o (LED_Write)
.\CortexM3\ARM_GCC_493\Debug\MPI_4_Channel.a(CyBootAsmGnu.o)
                              .\CortexM3\ARM_GCC_493\Debug\MPI_4_Channel.a(cyfitter_cfg.o) (CyDelayCycles)
d:/programs/cypress/psoc creator/4.0/psoc creator/import/gnu/arm/4.9.3/bin/../lib/gcc/arm-none-eabi/4.9.3/armv7-m\libgcc.a(_arm_muldivsf3.o)
                              .\CortexM3\ARM_GCC_493\Debug\main.o (__aeabi_fmul)
d:/programs/cypress/psoc creator/4.0/psoc creator/import/gnu/arm/4.9.3/bin/../lib/gcc/arm-none-eabi/4.9.3/armv7-m\libgcc.a(_arm_cmpsf2.o)
                              .\CortexM3\ARM_GCC_493\Debug\main.o (__aeabi_fcmpgt)
d:/programs/cypress/psoc creator/4.0/psoc creator/import/gnu/arm/4.9.3/bin/../lib/gcc/arm-none-eabi/4.9.3/armv7-m\libgcc.a(_arm_fixsfsi.o)
                              .\CortexM3\ARM_GCC_493\Debug\main.o (__aeabi_f2iz)
d:/programs/cypress/psoc creator/4.0/psoc creator/import/gnu/arm/4.9.3/bin/../lib/gcc/arm-none-eabi/4.9.3/../../../../arm-none-eabi/lib/armv7-m\libg_nano.a(lib_a-errno.o)
                              .\CortexM3\ARM_GCC_493\Debug\Cm3Start.o (__errno)
d:/programs/cypress/psoc creator/4.0/psoc creator/import/gnu/arm/4.9.3/bin/../lib/gcc/arm-none-eabi/4.9.3/../../../../arm-none-eabi/lib/armv7-m\libg_nano.a(lib_a-exit.o)
                              d:/programs/cypress/psoc creator/4.0/psoc creator/import/gnu/arm/4.9.3/bin/../lib/gcc/arm-none-eabi/4.9.3/../../../../arm-none-eabi/lib/armv7-m/crt0.o (exit)
d:/programs/cypress/psoc creator/4.0/psoc creator/import/gnu/arm/4.9.3/bin/../lib/gcc/arm-none-eabi/4.9.3/../../../../arm-none-eabi/lib/armv7-m\libg_nano.a(lib_a-impure.o)
                              d:/programs/cypress/psoc creator/4.0/psoc creator/import/gnu/arm/4.9.3/bin/../lib/gcc/arm-none-eabi/4.9.3/../../../../arm-none-eabi/lib/armv7-m\libg_nano.a(lib_a-exit.o) (_global_impure_ptr)
d:/programs/cypress/psoc creator/4.0/psoc creator/import/gnu/arm/4.9.3/bin/../lib/gcc/arm-none-eabi/4.9.3/../../../../arm-none-eabi/lib/armv7-m\libg_nano.a(lib_a-init.o)
                              d:/programs/cypress/psoc creator/4.0/psoc creator/import/gnu/arm/4.9.3/bin/../lib/gcc/arm-none-eabi/4.9.3/../../../../arm-none-eabi/lib/armv7-m/crt0.o (__libc_init_array)
d:/programs/cypress/psoc creator/4.0/psoc creator/import/gnu/arm/4.9.3/bin/../lib/gcc/arm-none-eabi/4.9.3/../../../../arm-none-eabi/lib/armv7-m\libg_nano.a(lib_a-memcpy.o)
                              .\CortexM3\ARM_GCC_493\Debug\MPI_4_Channel.a(cyfitter_cfg.o) (memcpy)
d:/programs/cypress/psoc creator/4.0/psoc creator/import/gnu/arm/4.9.3/bin/../lib/gcc/arm-none-eabi/4.9.3/../../../../arm-none-eabi/lib/armv7-m\libg_nano.a(lib_a-memset.o)
                              d:/programs/cypress/psoc creator/4.0/psoc creator/import/gnu/arm/4.9.3/bin/../lib/gcc/arm-none-eabi/4.9.3/../../../../arm-none-eabi/lib/armv7-m/crt0.o (memset)
d:/programs/cypress/psoc creator/4.0/psoc creator/import/gnu/arm/4.9.3/bin/../lib/gcc/arm-none-eabi/4.9.3/../../../../arm-none-eabi/lib/armv7-m\libg_nano.a(lib_a-sprintf.o)
                              .\CortexM3\ARM_GCC_493\Debug\main.o (sprintf)
d:/programs/cypress/psoc creator/4.0/psoc creator/import/gnu/arm/4.9.3/bin/../lib/gcc/arm-none-eabi/4.9.3/../../../../arm-none-eabi/lib/armv7-m\libg_nano.a(lib_a-nano-svfprintf.o)
[...]
Memory Configuration

Name             Origin             Length             Attributes
rom              0x00000000         0x00040000         xr
ram              0x1fff8000         0x00010000         xrw
*default*        0x00000000         0xffffffff

Linker script and memory map

LOAD d:/programs/cypress/psoc creator/4.0/psoc creator/import/gnu/arm/4.9.3/bin/../lib/gcc/arm-none-eabi/4.9.3/armv7-m/crti.o
LOAD d:/programs/cypress/psoc creator/4.0/psoc creator/import/gnu/arm/4.9.3/bin/../lib/gcc/arm-none-eabi/4.9.3/armv7-m/crtbegin.o
LOAD d:/programs/cypress/psoc creator/4.0/psoc creator/import/gnu/arm/4.9.3/bin/../lib/gcc/arm-none-eabi/4.9.3/../../../../arm-none-eabi/lib/armv7-m/crt0.o
START GROUP
LOAD .\CortexM3\ARM_GCC_493\Debug\main.o
LOAD .\CortexM3\ARM_GCC_493\Debug\cymetadata.o
LOAD .\CortexM3\ARM_GCC_493\Debug\Cm3Start.o
LOAD .\CortexM3\ARM_GCC_493\Debug\MPI_4_Channel.a
LOAD D:\Programs\Cypress\PSoC Creator\4.0\PSoC Creator\psoc\content\cycomponentlibrary\CyComponentLibrary.cylib\CortexM3\ARM_GCC_493\Debug\CyComponentLibrary.a
LOAD d:/programs/cypress/psoc creator/4.0/psoc creator/import/gnu/arm/4.9.3/bin/../lib/gcc/arm-none-eabi/4.9.3/../../../../arm-none-eabi/lib/armv7-m\libm.a
END GROUP
START GROUP
LOAD d:/programs/cypress/psoc creator/4.0/psoc creator/import/gnu/arm/4.9.3/bin/../lib/gcc/arm-none-eabi/4.9.3/armv7-m\libgcc.a
LOAD d:/programs/cypress/psoc creator/4.0/psoc creator/import/gnu/arm/4.9.3/bin/../lib/gcc/arm-none-eabi/4.9.3/../../../../arm-none-eabi/lib/armv7-m\libg_nano.a
LOAD d:/programs/cypress/psoc creator/4.0/psoc creator/import/gnu/arm/4.9.3/bin/../lib/gcc/arm-none-eabi/4.9.3/../../../../arm-none-eabi/lib/armv7-m\libc_nano.a
END GROUP
START GROUP
LOAD d:/programs/cypress/psoc creator/4.0/psoc creator/import/gnu/arm/4.9.3/bin/../lib/gcc/arm-none-eabi/4.9.3/armv7-m\libgcc.a
LOAD d:/programs/cypress/psoc creator/4.0/psoc creator/import/gnu/arm/4.9.3/bin/../lib/gcc/arm-none-eabi/4.9.3/../../../../arm-none-eabi/lib/armv7-m\libc_nano.a
END GROUP
LOAD d:/programs/cypress/psoc creator/4.0/psoc creator/import/gnu/arm/4.9.3/bin/../lib/gcc/arm-none-eabi/4.9.3/armv7-m/crtend.o
LOAD d:/programs/cypress/psoc creator/4.0/psoc creator/import/gnu/arm/4.9.3/bin/../lib/gcc/arm-none-eabi/4.9.3/armv7-m/crtn.o
START GROUP
LOAD d:/programs/cypress/psoc creator/4.0/psoc creator/import/gnu/arm/4.9.3/bin/../lib/gcc/arm-none-eabi/4.9.3/armv7-m\libgcc.a
LOAD d:/programs/cypress/psoc creator/4.0/psoc creator/import/gnu/arm/4.9.3/bin/../lib/gcc/arm-none-eabi/4.9.3/../../../../arm-none-eabi/lib/armv7-m\libc.a
LOAD d:/programs/cypress/psoc creator/4.0/psoc creator/import/gnu/arm/4.9.3/bin/../lib/gcc/arm-none-eabi/4.9.3/../../../../arm-none-eabi/lib/armv7-m\libnosys.a
END GROUP
                0x00000000                CY_APPL_ORIGIN = 0x0
                0x00000100                CY_FLASH_ROW_SIZE = 0x100
                0x00000020                CY_ECC_ROW_SIZE = 0x20
                0x00000000                CY_EE_IN_BTLDR = 0x0
                0x00000000                CY_APPL_LOADABLE = 0x0
                0x00000800                CY_EE_SIZE = 0x800
                0x00000001                CY_APPL_NUM = 0x1
                0x00000001                CY_APPL_MAX = 0x1
                0x00000040                CY_METADATA_SIZE = 0x40
                0x00000000                CY_APPL_LOADABLE = 0x0
                0x00000000                CY_CHECKSUM_EXCLUDE_SIZE = ALIGN (0x0, CY_FLASH_ROW_SIZE)
                0x1fff8480                PROVIDE (__cy_heap_start, _end)
                0x00000001                PROVIDE (__cy_region_num, ((__cy_regions_end - __cy_regions) / 0x10))
                0x20008000                PROVIDE (__cy_stack, (ORIGIN (ram) + 0x10000))
                0x20007800                PROVIDE (__cy_heap_end, (__cy_stack - 0x800))

.cybootloader   0x00000000        0x0
 *(.cybootloader)
                0x00000000                appl1_start = CY_APPL_ORIGIN?CY_APPL_ORIGIN:ALIGN (CY_FLASH_ROW_SIZE)
                0x0001ff00                appl2_start = (appl1_start + ALIGN ((((0x40000 - appl1_start) - (0x2 * CY_FLASH_ROW_SIZE)) / 0x2), CY_FLASH_ROW_SIZE))
                0x00000000                appl_start = (CY_APPL_NUM == 0x1)?appl1_start:appl2_start
                0x00000000                ecc_offset = ((appl_start / CY_FLASH_ROW_SIZE) * CY_ECC_ROW_SIZE)
                0x00000000                ee_offset = (CY_APPL_LOADABLE && ! (CY_EE_IN_BTLDR))?((CY_EE_SIZE / CY_APPL_MAX) * (CY_APPL_NUM - 0x1)):0x0
                0x00000800                ee_size = (CY_APPL_LOADABLE && ! (CY_EE_IN_BTLDR))?(CY_EE_SIZE / CY_APPL_MAX):CY_EE_SIZE
                0x00000000                PROVIDE (CY_ECC_OFFSET, ecc_offset)

.text           0x00000000     0x15f4
 CREATE_OBJECT_SYMBOLS
                0x00000000                PROVIDE (__cy_interrupt_vector, RomVectors)
 *(.romvectors)
 .romvectors    0x00000000       0x10 .\CortexM3\ARM_GCC_493\Debug\Cm3Start.o
                0x00000000                RomVectors
                0x00000001                ASSERT ((. != __cy_interrupt_vector), No interrupt vector)
                0x00000001                ASSERT (CY_APPL_ORIGIN?(SIZEOF (.cybootloader) <= CY_APPL_ORIGIN):0x1, Wrong image location)
                0x00000010                PROVIDE (__cy_reset, Reset)
 *(.text.Reset)
 .text.Reset    0x00000010       0x18 .\CortexM3\ARM_GCC_493\Debug\Cm3Start.o
                0x00000010                Reset
                0x00000001                ASSERT ((. != __cy_reset), No reset code)
 *(.dma_init)
                0x00000001                ASSERT ((((appl_start + .) <= 0x10000) || 0x1), DMA Init must be within the first 64k of flash)
 *(.text .text.* .gnu.linkonce.t.*)
 .text          0x00000028       0x5c d:/programs/cypress/psoc creator/4.0/psoc creator/import/gnu/arm/4.9.3/bin/../lib/gcc/arm-none-eabi/4.9.3/armv7-m/crtbegin.o
 .text.isr_rx_handle
                0x00000084       0x5c .\CortexM3\ARM_GCC_493\Debug\main.o
                0x00000084                isr_rx_handle
 .text.flash_consistency
                0x000000e0       0x30 .\CortexM3\ARM_GCC_493\Debug\main.o
                0x000000e0                flash_consistency
 .text.main     0x00000110       0x54 .\CortexM3\ARM_GCC_493\Debug\main.o
                0x00000110                main
 .text.IntDefaultHandler
                0x00000164       0x10 .\CortexM3\ARM_GCC_493\Debug\Cm3Start.o
                0x00000164                IntDefaultHandler
 .text._sbrk    0x00000174       0x30 .\CortexM3\ARM_GCC_493\Debug\Cm3Start.o
                0x00000174                _sbrk
 .text.Start_c  0x000001a4       0x4c .\CortexM3\ARM_GCC_493\Debug\Cm3Start.o
                0x000001a4                Start_c
 .text.initialize_psoc
                0x000001f0       0x74 .\CortexM3\ARM_GCC_493\Debug\Cm3Start.o
                0x000001f0                initialize_psoc
 .text.CyClockStartupError
                0x00000264        0x4 .\CortexM3\ARM_GCC_493\Debug\MPI_4_Channel.a(cyfitter_cfg.o)
 .text.cfg_write_bytes32
                0x00000268       0x34 .\CortexM3\ARM_GCC_493\Debug\MPI_4_Channel.a(cyfitter_cfg.o)
 .text.AnalogSetDefault
                0x0000029c       0x28 .\CortexM3\ARM_GCC_493\Debug\MPI_4_Channel.a(cyfitter_cfg.o)
 .text.CYMEMZERO
                0x000002c4        0xc .\CortexM3\ARM_GCC_493\Debug\MPI_4_Channel.a(cyfitter_cfg.o)
 .text.ClockSetup
                0x000002d0       0xb4 .\CortexM3\ARM_GCC_493\Debug\MPI_4_Channel.a(cyfitter_cfg.o)
 .text.CYCONFIGCPY
                0x00000384        0x8 .\CortexM3\ARM_GCC_493\Debug\MPI_4_Channel.a(cyfitter_cfg.o)
 .text.cyfitter_cfg
                0x0000038c      0x110 .\CortexM3\ARM_GCC_493\Debug\MPI_4_Channel.a(cyfitter_cfg.o)
                0x0000038c                cyfitter_cfg
 .text.UART_1_Init
                0x0000049c       0x44 .\CortexM3\ARM_GCC_493\Debug\MPI_4_Channel.a(UART_1.o)
                0x0000049c                UART_1_Init
 .text.UART_1_Enable
                0x000004e0       0x44 .\CortexM3\ARM_GCC_493\Debug\MPI_4_Channel.a(UART_1.o)
                0x000004e0                UART_1_Enable
 .text.UART_1_Start
                0x00000524       0x1c .\CortexM3\ARM_GCC_493\Debug\MPI_4_Channel.a(UART_1.o)
                0x00000524                UART_1_Start
 .text.UART_1_GetChar
                0x00000540       0x80 .\CortexM3\ARM_GCC_493\Debug\MPI_4_Channel.a(UART_1.o)
                0x00000540                UART_1_GetChar
 .text.UART_1_GetRxBufferSize
                0x000005c0       0x5c .\CortexM3\ARM_GCC_493\Debug\MPI_4_Channel.a(UART_1.o)
                0x000005c0                UART_1_GetRxBufferSize
 .text.UART_1_ClearRxBuffer
                0x0000061c       0x44 .\CortexM3\ARM_GCC_493\Debug\MPI_4_Channel.a(UART_1.o)
                0x0000061c                UART_1_ClearRxBuffer
 .text.UART_1_PutChar
                0x00000660       0x18 .\CortexM3\ARM_GCC_493\Debug\MPI_4_Channel.a(UART_1.o)
                0x00000660                UART_1_PutChar
 .text.UART_1_PutString
                0x00000678       0x24 .\CortexM3\ARM_GCC_493\Debug\MPI_4_Channel.a(UART_1.o)
                0x00000678                UART_1_PutString
 .text.UART_1_RXISR
                0x0000069c       0x94 .\CortexM3\ARM_GCC_493\Debug\MPI_4_Channel.a(UART_1_INT.o)
                0x0000069c                UART_1_RXISR
 .text.Em_EEPROM_1_Write
                0x00000730       0xa8 .\CortexM3\ARM_GCC_493\Debug\MPI_4_Channel.a(Em_EEPROM_1.o)
                0x00000730                Em_EEPROM_1_Write
 .text.CyFlashGetSpcAlgorithm
                0x000007d8       0x4c .\CortexM3\ARM_GCC_493\Debug\MPI_4_Channel.a(CyFlash.o)
 .text.CySetTempInt
                0x00000824       0x60 .\CortexM3\ARM_GCC_493\Debug\MPI_4_Channel.a(CyFlash.o)
 .text.CySetTemp
                0x00000884       0x14 .\CortexM3\ARM_GCC_493\Debug\MPI_4_Channel.a(CyFlash.o)
                0x00000884                CySetTemp
 .text.CySetFlashEEBuffer
                0x00000898       0x28 .\CortexM3\ARM_GCC_493\Debug\MPI_4_Channel.a(CyFlash.o)
                0x00000898                CySetFlashEEBuffer
 .text.CyWriteRowFull
                0x000008c0       0xf8 .\CortexM3\ARM_GCC_493\Debug\MPI_4_Channel.a(CyFlash.o)
                0x000008c0                CyWriteRowFull
 .text.CyWriteRowData
                0x000009b8       0x14 .\CortexM3\ARM_GCC_493\Debug\MPI_4_Channel.a(CyFlash.o)
                0x000009b8                CyWriteRowData
 .text.CyHalt   0x000009cc        0x4 .\CortexM3\ARM_GCC_493\Debug\MPI_4_Channel.a(CyLib.o)
                0x000009cc                CyHalt
 .text.CyDelay  0x000009d0       0x2c .\CortexM3\ARM_GCC_493\Debug\MPI_4_Channel.a(CyLib.o)
                0x000009d0                CyDelay
 .text.CyDelayUs
                0x000009fc       0x14 .\CortexM3\ARM_GCC_493\Debug\MPI_4_Channel.a(CyLib.o)
                0x000009fc                CyDelayUs
 .text.CyFlushCache
                0x00000a10       0x44 .\CortexM3\ARM_GCC_493\Debug\MPI_4_Channel.a(CyLib.o)
                0x00000a10                CyFlushCache
 .text.CyIntSetVector
                0x00000a54       0x28 .\CortexM3\ARM_GCC_493\Debug\MPI_4_Channel.a(CyLib.o)
                0x00000a54                CyIntSetVector
 .text.CyIntSetPriority
                0x00000a7c       0x30 .\CortexM3\ARM_GCC_493\Debug\MPI_4_Channel.a(CyLib.o)
                0x00000a7c                CyIntSetPriority
 .text.CySpcStart
                0x00000aac       0x24 .\CortexM3\ARM_GCC_493\Debug\MPI_4_Channel.a(CySpc.o)
                0x00000aac                CySpcStart
 .text.CySpcReadData
                0x00000ad0       0x34 .\CortexM3\ARM_GCC_493\Debug\MPI_4_Channel.a(CySpc.o)
                0x00000ad0                CySpcReadData
 .text.CySpcLoadRowFull
                0x00000b04       0x80 .\CortexM3\ARM_GCC_493\Debug\MPI_4_Channel.a(CySpc.o)
                0x00000b04                CySpcLoadRowFull
 .text.CySpcWriteRow
                0x00000b84       0x4c .\CortexM3\ARM_GCC_493\Debug\MPI_4_Channel.a(CySpc.o)
                0x00000b84                CySpcWriteRow
 .text.CySpcGetTemp
                0x00000bd0       0x3c .\CortexM3\ARM_GCC_493\Debug\MPI_4_Channel.a(CySpc.o)
                0x00000bd0                CySpcGetTemp
 .text.CySpcLock
                0x00000c0c       0x4c .\CortexM3\ARM_GCC_493\Debug\MPI_4_Channel.a(CySpc.o)
                0x00000c0c                CySpcLock
 .text.CySpcUnlock
                0x00000c58       0x38 .\CortexM3\ARM_GCC_493\Debug\MPI_4_Channel.a(CySpc.o)
                0x00000c58                CySpcUnlock
 .text.CySpcGetAlgorithm
                0x00000c90       0x28 .\CortexM3\ARM_GCC_493\Debug\MPI_4_Channel.a(CySpc.o)
                0x00000c90                CySpcGetAlgorithm
 .text.isr_rx_SetVector
                0x00000cb8        0xc .\CortexM3\ARM_GCC_493\Debug\MPI_4_Channel.a(isr_rx.o)
                0x00000cb8                isr_rx_SetVector
 .text.isr_rx_SetPriority
                0x00000cc4       0x10 .\CortexM3\ARM_GCC_493\Debug\MPI_4_Channel.a(isr_rx.o)
                0x00000cc4                isr_rx_SetPriority
 .text.isr_rx_Enable
                0x00000cd4        0xc .\CortexM3\ARM_GCC_493\Debug\MPI_4_Channel.a(isr_rx.o)
                0x00000cd4                isr_rx_Enable
 .text.isr_rx_Disable
                0x00000ce0        0xc .\CortexM3\ARM_GCC_493\Debug\MPI_4_Channel.a(isr_rx.o)
                0x00000ce0                isr_rx_Disable
 .text.isr_rx_StartEx
                0x00000cec       0x1c .\CortexM3\ARM_GCC_493\Debug\MPI_4_Channel.a(isr_rx.o)
                0x00000cec                isr_rx_StartEx
 .text.UART_1_IntClock_Start
                0x00000d08       0x1c .\CortexM3\ARM_GCC_493\Debug\MPI_4_Channel.a(UART_1_IntClock.o)
                0x00000d08                UART_1_IntClock_Start
 .text.LED_Write
                0x00000d24       0x18 .\CortexM3\ARM_GCC_493\Debug\MPI_4_Channel.a(LED.o)
                0x00000d24                LED_Write
 *fill*         0x00000d3c        0x4 
 .text          0x00000d40       0x20 .\CortexM3\ARM_GCC_493\Debug\MPI_4_Channel.a(CyBootAsmGnu.o)
                0x00000d40                CyDelayCycles
                0x00000d50                CyEnterCriticalSection
                0x00000d58                CyExitCriticalSection
 .text.__errno  0x00000d60        0xc d:/programs/cypress/psoc creator/4.0/psoc creator/import/gnu/arm/4.9.3/bin/../lib/gcc/arm-none-eabi/4.9.3/../../../../arm-none-eabi/lib/armv7-m\libg_nano.a(lib_a-errno.o)
                0x00000d60                __errno
 .text.__libc_init_array
                0x00000d6c       0x4c d:/programs/cypress/psoc creator/4.0/psoc creator/import/gnu/arm/4.9.3/bin/../lib/gcc/arm-none-eabi/4.9.3/../../../../arm-none-eabi/lib/armv7-m\libg_nano.a(lib_a-init.o)
                0x00000d6c                __libc_init_array
 .text.memcpy   0x00000db8       0x16 d:/programs/cypress/psoc creator/4.0/psoc creator/import/gnu/arm/4.9.3/bin/../lib/gcc/arm-none-eabi/4.9.3/../../../../arm-none-eabi/lib/armv7-m\libg_nano.a(lib_a-memcpy.o)
                0x00000db8                memcpy
 .text.memset   0x00000dce       0x10 d:/programs/cypress/psoc creator/4.0/psoc creator/import/gnu/arm/4.9.3/bin/../lib/gcc/arm-none-eabi/4.9.3/../../../../arm-none-eabi/lib/armv7-m\libg_nano.a(lib_a-memset.o)
                0x00000dce                memset
 *fill*         0x00000dde        0x2 
 .text.sprintf  0x00000de0       0x48 d:/programs/cypress/psoc creator/4.0/psoc creator/import/gnu/arm/4.9.3/bin/../lib/gcc/arm-none-eabi/4.9.3/../../../../arm-none-eabi/lib/armv7-m\libg_nano.a(lib_a-sprintf.o)
                0x00000de0                siprintf
                0x00000de0                sprintf
 .text.__ssputs_r
                0x00000e28       0xb2 d:/programs/cypress/psoc creator/4.0/psoc creator/import/gnu/arm/4.9.3/bin/../lib/gcc/arm-none-eabi/4.9.3/../../../../arm-none-eabi/lib/armv7-m\libg_nano.a(lib_a-nano-svfprintf.o)
                0x00000e28                __ssputs_r
 *fill*         0x00000eda        0x2 
 .text._svfprintf_r
                0x00000edc      0x1e4 d:/programs/cypress/psoc creator/4.0/psoc creator/import/gnu/arm/4.9.3/bin/../lib/gcc/arm-none-eabi/4.9.3/../../../../arm-none-eabi/lib/armv7-m\libg_nano.a(lib_a-nano-svfprintf.o)
                0x00000edc                _svfiprintf_r
                0x00000edc                _svfprintf_r
 .text._printf_common
                0x000010c0       0xea d:/programs/cypress/psoc creator/4.0/psoc creator/import/gnu/arm/4.9.3/bin/../lib/gcc/arm-none-eabi/4.9.3/../../../../arm-none-eabi/lib/armv7-m\libg_nano.a(lib_a-nano-vfprintf_i.o)
                0x000010c0                _printf_common
 *fill*         0x000011aa        0x2 
 .text._printf_i
                0x000011ac      0x240 d:/programs/cypress/psoc creator/4.0/psoc creator/import/gnu/arm/4.9.3/bin/../lib/gcc/arm-none-eabi/4.9.3/../../../../arm-none-eabi/lib/armv7-m\libg_nano.a(lib_a-nano-vfprintf_i.o)
                0x000011ac                _printf_i
 .text.memchr   0x000013ec       0x1c d:/programs/cypress/psoc creator/4.0/psoc creator/import/gnu/arm/4.9.3/bin/../lib/gcc/arm-none-eabi/4.9.3/../../../../arm-none-eabi/lib/armv7-m\libg_nano.a(lib_a-memchr.o)
                0x000013ec                memchr
 .text.memmove  0x00001408       0x36 d:/programs/cypress/psoc creator/4.0/psoc creator/import/gnu/arm/4.9.3/bin/../lib/gcc/arm-none-eabi/4.9.3/../../../../arm-none-eabi/lib/armv7-m\libg_nano.a(lib_a-memmove.o)
                0x00001408                memmove
 *fill*         0x0000143e        0x2 
 .text._free_r  0x00001440       0x88 d:/programs/cypress/psoc creator/4.0/psoc creator/import/gnu/arm/4.9.3/bin/../lib/gcc/arm-none-eabi/4.9.3/../../../../arm-none-eabi/lib/armv7-m\libg_nano.a(lib_a-nano-freer.o)
                0x00001440                _free_r
 .text._malloc_r
                0x000014c8       0xac d:/programs/cypress/psoc creator/4.0/psoc creator/import/gnu/arm/4.9.3/bin/../lib/gcc/arm-none-eabi/4.9.3/../../../../arm-none-eabi/lib/armv7-m\libg_nano.a(lib_a-nano-mallocr.o)
                0x000014c8                _malloc_r
 .text._realloc_r
                0x00001574       0x4c d:/programs/cypress/psoc creator/4.0/psoc creator/import/gnu/arm/4.9.3/bin/../lib/gcc/arm-none-eabi/4.9.3/../../../../arm-none-eabi/lib/armv7-m\libg_nano.a(lib_a-nano-reallocr.o)
                0x00001574                _realloc_r
 .text._sbrk_r  0x000015c0       0x20 d:/programs/cypress/psoc creator/4.0/psoc creator/import/gnu/arm/4.9.3/bin/../lib/gcc/arm-none-eabi/4.9.3/../../../../arm-none-eabi/lib/armv7-m\libg_nano.a(lib_a-sbrkr.o)
                0x000015c0                _sbrk_r
 .text._malloc_usable_size_r
                0x000015e0       0x14 d:/programs/cypress/psoc creator/4.0/psoc creator/import/gnu/arm/4.9.3/bin/../lib/gcc/arm-none-eabi/4.9.3/../../../../arm-none-eabi/lib/armv7-m\libg_nano.a(lib_a-nano-msizer.o)
                0x000015e0                _malloc_usable_size_r
 *(.plt)
 *(.gnu.warning)
 *(.glue_7t)
 .glue_7t       0x00000000        0x0 linker stubs
 *(.glue_7)
 .glue_7        0x00000000        0x0 linker stubs
 *(.vfp11_veneer)
 .vfp11_veneer  0x00000000        0x0 linker stubs
 *(.bootloader)
 *(.ARM.extab* .gnu.linkonce.armextab.*)
 *(.gcc_except_table)

.v4_bx          0x000015f4        0x0
 .v4_bx         0x00000000        0x0 linker stubs

.iplt           0x000015f4        0x0
 .iplt          0x00000000        0x0 d:/programs/cypress/psoc creator/4.0/psoc creator/import/gnu/arm/4.9.3/bin/../lib/gcc/arm-none-eabi/4.9.3/armv7-m/crtbegin.o

.eh_frame_hdr
 *(.eh_frame_hdr)

.eh_frame       0x000015f4        0x4
 *(.eh_frame)
 .eh_frame      0x000015f4        0x0 d:/programs/cypress/psoc creator/4.0/psoc creator/import/gnu/arm/4.9.3/bin/../lib/gcc/arm-none-eabi/4.9.3/armv7-m/crtbegin.o
 .eh_frame      0x000015f4        0x4 d:/programs/cypress/psoc creator/4.0/psoc creator/import/gnu/arm/4.9.3/bin/../lib/gcc/arm-none-eabi/4.9.3/armv7-m/crtend.o
                0x000015f8                PROVIDE (__exidx_start, .)

.ARM.exidx
 *(.ARM.exidx* .gnu.linkonce.armexidx.*)
                0x000015f8                __exidx_end = .

.rodata         0x000015f8    0x38370
 *(.rodata .rodata.* .gnu.linkonce.r.*)
 .rodata        0x000015f8    0x38270 .\CortexM3\ARM_GCC_493\Debug\main.o
 .rodata.str1.4
                0x00039868       0x50 .\CortexM3\ARM_GCC_493\Debug\main.o
 .rodata        0x000398b8       0x44 .\CortexM3\ARM_GCC_493\Debug\MPI_4_Channel.a(cyfitter_cfg.o)
 .rodata.str1.1
                0x000398fc        0x2 d:/programs/cypress/psoc creator/4.0/psoc creator/import/gnu/arm/4.9.3/bin/../lib/gcc/arm-none-eabi/4.9.3/../../../../arm-none-eabi/lib/armv7-m\libg_nano.a(lib_a-impure.o)
 .rodata.str1.1
                0x000398fe       0x11 d:/programs/cypress/psoc creator/4.0/psoc creator/import/gnu/arm/4.9.3/bin/../lib/gcc/arm-none-eabi/4.9.3/../../../../arm-none-eabi/lib/armv7-m\libg_nano.a(lib_a-nano-svfprintf.o)
 .rodata.str1.1
                0x0003990f       0x22 d:/programs/cypress/psoc creator/4.0/psoc creator/import/gnu/arm/4.9.3/bin/../lib/gcc/arm-none-eabi/4.9.3/../../../../arm-none-eabi/lib/armv7-m\libg_nano.a(lib_a-nano-vfprintf_i.o)
                0x00039934                . = ALIGN (0x4)
 *fill*         0x00039931        0x3 
 *(.init)
 .init          0x00039934        0x4 d:/programs/cypress/psoc creator/4.0/psoc creator/import/gnu/arm/4.9.3/bin/../lib/gcc/arm-none-eabi/4.9.3/armv7-m/crti.o
                0x00039934                _init
 .init          0x00039938        0x8 d:/programs/cypress/psoc creator/4.0/psoc creator/import/gnu/arm/4.9.3/bin/../lib/gcc/arm-none-eabi/4.9.3/armv7-m/crtn.o
                0x00039940                . = ALIGN (0x4)
                0x00039940                __preinit_array_start = .
 *(.preinit_array)
                0x00039940                __preinit_array_end = .
                0x00039940                . = ALIGN (0x4)
                0x00039940                __init_array_start = .
 *(SORT(.init_array.*))
 *(.init_array)
 .init_array    0x00039940        0x4 d:/programs/cypress/psoc creator/4.0/psoc creator/import/gnu/arm/4.9.3/bin/../lib/gcc/arm-none-eabi/4.9.3/armv7-m/crtbegin.o
 .init_array    0x00039944        0x4 .\CortexM3\ARM_GCC_493\Debug\Cm3Start.o
                0x00039948                __init_array_end = .
                0x00039948                . = ALIGN (0x4)
 *(.fini)
 .fini          0x00039948        0x4 d:/programs/cypress/psoc creator/4.0/psoc creator/import/gnu/arm/4.9.3/bin/../lib/gcc/arm-none-eabi/4.9.3/armv7-m/crti.o
                0x00039948                _fini
 .fini          0x0003994c        0x8 d:/programs/cypress/psoc creator/4.0/psoc creator/import/gnu/arm/4.9.3/bin/../lib/gcc/arm-none-eabi/4.9.3/armv7-m/crtn.o
                0x00039954                . = ALIGN (0x4)
                0x00039954                __fini_array_start = .
 *(.fini_array)
 .fini_array    0x00039954        0x4 d:/programs/cypress/psoc creator/4.0/psoc creator/import/gnu/arm/4.9.3/bin/../lib/gcc/arm-none-eabi/4.9.3/armv7-m/crtbegin.o
 *(SORT(.fini_array.*))
                0x00039958                __fini_array_end = .
                0x00039958                . = ALIGN (0x4)
 *crtbegin.o(.ctors)
 *(EXCLUDE_FILE(*crtend.o) .ctors)
 *(SORT(.ctors.*))
 *crtend.o(.ctors)
                0x00039958                . = ALIGN (0x4)
 *crtbegin.o(.dtors)
 *(EXCLUDE_FILE(*crtend.o) .dtors)
 *(SORT(.dtors.*))
 *crtend.o(.dtors)
                0x00039958                . = ALIGN (0x4)
                0x00039958                __cy_regions = .
                0x00039958        0x4 LONG 0x39968 __cy_region_init_ram
                0x0003995c        0x4 LONG 0x1fff8108 __cy_region_start_data
                0x00039960        0x4 LONG 0x80 __cy_region_init_size_ram
                0x00039964        0x4 LONG 0x2f8 __cy_region_zero_size_ram
                0x00039968                __cy_regions_end = .
                0x00039968                . = ALIGN (0x8)
                0x00039968                _etext = .

.cy_checksum_exclude
                0x00039968        0x0
 *(.cy_checksum_exclude)

.ramvectors     0x1fff8000      0x100
                0x1fff8000                __cy_region_start_ram = .
 *(.ramvectors)
 .ramvectors    0x1fff8000      0x100 .\CortexM3\ARM_GCC_493\Debug\Cm3Start.o
                0x1fff8000                CyRamVectors

.noinit         0x1fff8100        0x5
 *(.noinit)
 .noinit        0x1fff8100        0x4 .\CortexM3\ARM_GCC_493\Debug\Cm3Start.o
 .noinit        0x1fff8104        0x1 .\CortexM3\ARM_GCC_493\Debug\MPI_4_Channel.a(CyLib.o)
                0x1fff8104                CyResetStatus

.data           0x1fff8108       0x80 load address 0x00039968
                0x1fff8108                __cy_region_start_data = .
 *(.jcr)
 .jcr           0x1fff8108        0x0 d:/programs/cypress/psoc creator/4.0/psoc creator/import/gnu/arm/4.9.3/bin/../lib/gcc/arm-none-eabi/4.9.3/armv7-m/crtbegin.o
 .jcr           0x1fff8108        0x4 d:/programs/cypress/psoc creator/4.0/psoc creator/import/gnu/arm/4.9.3/bin/../lib/gcc/arm-none-eabi/4.9.3/armv7-m/crtend.o
 *(.got.plt)
 *(.got)
 *(.shdata)
 *(.data .data.* .gnu.linkonce.d.*)
 .data          0x1fff810c        0x4 .\CortexM3\ARM_GCC_493\Debug\Cm3Start.o
 .data          0x1fff8110       0x10 .\CortexM3\ARM_GCC_493\Debug\MPI_4_Channel.a(CyLib.o)
                0x1fff8110                cydelay_32k_ms
                0x1fff8114                cydelay_freq_khz
                0x1fff8118                cydelay_freq_mhz
                0x1fff811c                cydelay_freq_hz
 .data.impure_data
                0x1fff8120       0x60 d:/programs/cypress/psoc creator/4.0/psoc creator/import/gnu/arm/4.9.3/bin/../lib/gcc/arm-none-eabi/4.9.3/../../../../arm-none-eabi/lib/armv7-m\libg_nano.a(lib_a-impure.o)
 .data._impure_ptr
                0x1fff8180        0x4 d:/programs/cypress/psoc creator/4.0/psoc creator/import/gnu/arm/4.9.3/bin/../lib/gcc/arm-none-eabi/4.9.3/../../../../arm-none-eabi/lib/armv7-m\libg_nano.a(lib_a-impure.o)
                0x1fff8180                _impure_ptr
                0x1fff8188                . = ALIGN (0x8)
 *fill*         0x1fff8184        0x4 
 *(.ram)
                0x1fff8188                _edata = .

.igot.plt       0x1fff8188        0x0 load address 0x000399e8
 .igot.plt      0x00000000        0x0 d:/programs/cypress/psoc creator/4.0/psoc creator/import/gnu/arm/4.9.3/bin/../lib/gcc/arm-none-eabi/4.9.3/armv7-m/crtbegin.o

.bss            0x1fff8188      0x2f8 load address 0x000399e8
                0x1fff8188                PROVIDE (__bss_start__, .)
 *(.shbss)
 *(.bss .bss.* .gnu.linkonce.b.*)
 .bss           0x1fff8188       0x1c d:/programs/cypress/psoc creator/4.0/psoc creator/import/gnu/arm/4.9.3/bin/../lib/gcc/arm-none-eabi/4.9.3/armv7-m/crtbegin.o
 .bss           0x1fff81a4        0x7 .\CortexM3\ARM_GCC_493\Debug\MPI_4_Channel.a(UART_1.o)
                0x1fff81a4                UART_1_errorStatus
                0x1fff81a5                UART_1_initVar
                0x1fff81a6                UART_1_rxBufferRead
                0x1fff81a7                UART_1_rxBufferWrite
                0x1fff81a8                UART_1_rxBufferLoopDetect
                0x1fff81a9                UART_1_rxBufferOverflow
 *fill*         0x1fff81ab        0x1 
 .bss           0x1fff81ac        0x4 .\CortexM3\ARM_GCC_493\Debug\MPI_4_Channel.a(CyFlash.o)
 .bss           0x1fff81b0        0x8 .\CortexM3\ARM_GCC_493\Debug\MPI_4_Channel.a(CySpc.o)
                0x1fff81b0                SpcLockState
 .bss.__malloc_sbrk_start
                0x1fff81b8        0x4 d:/programs/cypress/psoc creator/4.0/psoc creator/import/gnu/arm/4.9.3/bin/../lib/gcc/arm-none-eabi/4.9.3/../../../../arm-none-eabi/lib/armv7-m\libg_nano.a(lib_a-nano-mallocr.o)
                0x1fff81b8                __malloc_sbrk_start
 .bss.__malloc_free_list
                0x1fff81bc        0x4 d:/programs/cypress/psoc creator/4.0/psoc creator/import/gnu/arm/4.9.3/bin/../lib/gcc/arm-none-eabi/4.9.3/../../../../arm-none-eabi/lib/armv7-m\libg_nano.a(lib_a-nano-mallocr.o)
                0x1fff81bc                __malloc_free_list
 *(COMMON)
 COMMON         0x1fff81c0      0x1f0 .\CortexM3\ARM_GCC_493\Debug\main.o
                0x1fff81c0                wave1
                0x1fff823c                wave2
                0x1fff82b8                wave4
                0x1fff8334                wave3
 COMMON         0x1fff83b0       0xc8 .\CortexM3\ARM_GCC_493\Debug\MPI_4_Channel.a(UART_1.o)
                0x1fff83b0                UART_1_rxBuffer
 COMMON         0x1fff8478        0x2 .\CortexM3\ARM_GCC_493\Debug\MPI_4_Channel.a(CyFlash.o)
                0x1fff8478                dieTemperature
 *fill*         0x1fff847a        0x2 
 COMMON         0x1fff847c        0x4 d:/programs/cypress/psoc creator/4.0/psoc creator/import/gnu/arm/4.9.3/bin/../lib/gcc/arm-none-eabi/4.9.3/../../../../arm-none-eabi/lib/armv7-m\libg_nano.a(lib_a-reent.o)
                0x1fff847c                errno
                0x1fff8480                . = ALIGN (0x8)
 *(.ram.b)
                0x1fff8480                _end = .
                0x1fff8480                __end = .
                0x1fff8480                PROVIDE (end, .)
                0x1fff8480                PROVIDE (__bss_end__, .)
                0x00039968                __cy_region_init_ram = LOADADDR (.data)
                0x00000080                __cy_region_init_size_ram = (_edata - ADDR (.data))
                0x000002f8                __cy_region_zero_size_ram = (_end - _edata)

.heap           0x1fff8480       0x80 load address 0x000399e8
                0x1fff8480                . = _end
                0x1fff8500                . = (. + 0x80)
 *fill*         0x1fff8480       0x80 
                0x1fff8500                __cy_heap_limit = .

.stack          0x20007800      0x800
                0x20007800                __cy_stack_limit = .
                0x20008000                . = (. + 0x800)
 *fill*         0x20007800      0x800 
                0x00000001                ASSERT ((__cy_stack_limit >= __cy_heap_limit), region RAM overflowed with stack)
                0x00000000                cy_checksum_exclude_size = (CY_APPL_LOADABLE == 0x1)?SIZEOF (.cy_checksum_exclude):0x0
                0x00000001                ASSERT ((cy_checksum_exclude_size <= CY_CHECKSUM_EXCLUDE_SIZE), CY_BOOT: Section .cy_checksum_exclude size exceedes specified limit.)

.cyloadermeta
 *(.cyloadermeta)

.cyloadablemeta
 *(.cyloadablemeta)

.cyconfigecc    0x80000000      0x340
 *(.cyconfigecc)
 .cyconfigecc   0x80000000      0x340 .\CortexM3\ARM_GCC_493\Debug\cymetadata.o
                0x80000000                cy_meta_configecc

.cycustnvl      0x90000000        0x4
 *(.cycustnvl)
 .cycustnvl     0x90000000        0x4 .\CortexM3\ARM_GCC_493\Debug\cymetadata.o
                0x90000000                cy_meta_custnvl

.cywolatch      0x90100000        0x4
 *(.cywolatch)
 .cywolatch     0x90100000        0x4 .\CortexM3\ARM_GCC_493\Debug\cymetadata.o
                0x90100000                cy_meta_wonvl

.cyeeprom       0x90200000        0x0
 *(.cyeeprom)
                0x00000001                ASSERT ((. <= ((0x90200000 + ee_offset) + ee_size)), .cyeeprom data will not fit in EEPROM)

.cyflashprotect
                0x90400000      0x100
 *(.cyflashprotect)
 .cyflashprotect
                0x90400000      0x100 .\CortexM3\ARM_GCC_493\Debug\cymetadata.o
                0x90400000                cy_meta_flashprotect

.cymeta         0x90500000        0xc
 *(.cymeta)
 .cymeta        0x90500000        0xc .\CortexM3\ARM_GCC_493\Debug\cymetadata.o
                0x90500000                cy_metadata

.rel.dyn        0x000399e8        0x0 load address 0x9050000c
 .rel.iplt      0x00000000        0x0 d:/programs/cypress/psoc creator/4.0/psoc creator/import/gnu/arm/4.9.3/bin/../lib/gcc/arm-none-eabi/4.9.3/armv7-m/crtbegin.o

.stab
 *(.stab)

.stabstr
 *(.stabstr)

.debug
 *(.debug)

.line
 *(.line)

.debug_srcinfo
 *(.debug_srcinfo)

.debug_sfnames
 *(.debug_sfnames)

.debug_aranges  0x00000000      0x7a8
 *(.debug_aranges)
 .debug_aranges
                0x00000000       0x38 .\CortexM3\ARM_GCC_493\Debug\main.o
 .debug_aranges
                0x00000038       0x18 .\CortexM3\ARM_GCC_493\Debug\cymetadata.o
 .debug_aranges
                0x00000050       0x48 .\CortexM3\ARM_GCC_493\Debug\Cm3Start.o
 .debug_aranges
                0x00000098       0x58 .\CortexM3\ARM_GCC_493\Debug\MPI_4_Channel.a(cyfitter_cfg.o)
 .debug_aranges
                0x000000f0       0xf0 .\CortexM3\ARM_GCC_493\Debug\MPI_4_Channel.a(UART_1.o)
 .debug_aranges
                0x000001e0       0x20 .\CortexM3\ARM_GCC_493\Debug\MPI_4_Channel.a(UART_1_INT.o)
 .debug_aranges
                0x00000200       0x30 .\CortexM3\ARM_GCC_493\Debug\MPI_4_Channel.a(Em_EEPROM_1.o)
 .debug_aranges
                0x00000230       0x80 .\CortexM3\ARM_GCC_493\Debug\MPI_4_Channel.a(CyFlash.o)
 .debug_aranges
                0x000002b0      0x2a0 .\CortexM3\ARM_GCC_493\Debug\MPI_4_Channel.a(CyLib.o)
 .debug_aranges
                0x00000550       0x98 .\CortexM3\ARM_GCC_493\Debug\MPI_4_Channel.a(cyPm.o)
 .debug_aranges
                0x000005e8       0x78 .\CortexM3\ARM_GCC_493\Debug\MPI_4_Channel.a(CySpc.o)
 .debug_aranges
                0x00000660       0x80 .\CortexM3\ARM_GCC_493\Debug\MPI_4_Channel.a(isr_rx.o)
 .debug_aranges
                0x000006e0       0x70 .\CortexM3\ARM_GCC_493\Debug\MPI_4_Channel.a(UART_1_IntClock.o)
 .debug_aranges
                0x00000750       0x38 .\CortexM3\ARM_GCC_493\Debug\MPI_4_Channel.a(LED.o)
 .debug_aranges
                0x00000788       0x20 .\CortexM3\ARM_GCC_493\Debug\MPI_4_Channel.a(CyBootAsmGnu.o)

.debug_pubnames
 *(.debug_pubnames)

.debug_info     0x00000000     0x4b88
 *(.debug_info .gnu.linkonce.wi.*)
 .debug_info    0x00000000      0x61f .\CortexM3\ARM_GCC_493\Debug\main.o
 .debug_info    0x0000061f      0x13b .\CortexM3\ARM_GCC_493\Debug\cymetadata.o
 .debug_info    0x0000075a      0x3b3 .\CortexM3\ARM_GCC_493\Debug\Cm3Start.o
 .debug_info    0x00000b0d      0x59f .\CortexM3\ARM_GCC_493\Debug\MPI_4_Channel.a(cyfitter_cfg.o)
 .debug_info    0x000010ac      0x751 .\CortexM3\ARM_GCC_493\Debug\MPI_4_Channel.a(UART_1.o)
 .debug_info    0x000017fd      0x145 .\CortexM3\ARM_GCC_493\Debug\MPI_4_Channel.a(UART_1_INT.o)
 .debug_info    0x00001942      0x277 .\CortexM3\ARM_GCC_493\Debug\MPI_4_Channel.a(Em_EEPROM_1.o)
 .debug_info    0x00001bb9      0x608 .\CortexM3\ARM_GCC_493\Debug\MPI_4_Channel.a(CyFlash.o)
 .debug_info    0x000021c1     0x1385 .\CortexM3\ARM_GCC_493\Debug\MPI_4_Channel.a(CyLib.o)
 .debug_info    0x00003546      0xa57 .\CortexM3\ARM_GCC_493\Debug\MPI_4_Channel.a(cyPm.o)
 .debug_info    0x00003f9d      0x4ea .\CortexM3\ARM_GCC_493\Debug\MPI_4_Channel.a(CySpc.o)
 .debug_info    0x00004487      0x2cb .\CortexM3\ARM_GCC_493\Debug\MPI_4_Channel.a(isr_rx.o)
 .debug_info    0x00004752      0x283 .\CortexM3\ARM_GCC_493\Debug\MPI_4_Channel.a(UART_1_IntClock.o)
 .debug_info    0x000049d5      0x11f .\CortexM3\ARM_GCC_493\Debug\MPI_4_Channel.a(LED.o)
 .debug_info    0x00004af4       0x94 .\CortexM3\ARM_GCC_493\Debug\MPI_4_Channel.a(CyBootAsmGnu.o)

.debug_abbrev   0x00000000     0x1591
 *(.debug_abbrev)
 .debug_abbrev  0x00000000      0x222 .\CortexM3\ARM_GCC_493\Debug\main.o
 .debug_abbrev  0x00000222       0x66 .\CortexM3\ARM_GCC_493\Debug\cymetadata.o
 .debug_abbrev  0x00000288      0x1f7 .\CortexM3\ARM_GCC_493\Debug\Cm3Start.o
 .debug_abbrev  0x0000047f      0x212 .\CortexM3\ARM_GCC_493\Debug\MPI_4_Channel.a(cyfitter_cfg.o)
 .debug_abbrev  0x00000691      0x1b8 .\CortexM3\ARM_GCC_493\Debug\MPI_4_Channel.a(UART_1.o)
 .debug_abbrev  0x00000849       0x8a .\CortexM3\ARM_GCC_493\Debug\MPI_4_Channel.a(UART_1_INT.o)
 .debug_abbrev  0x000008d3      0x13d .\CortexM3\ARM_GCC_493\Debug\MPI_4_Channel.a(Em_EEPROM_1.o)
 .debug_abbrev  0x00000a10      0x1ed .\CortexM3\ARM_GCC_493\Debug\MPI_4_Channel.a(CyFlash.o)
 .debug_abbrev  0x00000bfd      0x296 .\CortexM3\ARM_GCC_493\Debug\MPI_4_Channel.a(CyLib.o)
 .debug_abbrev  0x00000e93      0x1ed .\CortexM3\ARM_GCC_493\Debug\MPI_4_Channel.a(cyPm.o)
 .debug_abbrev  0x00001080      0x1c1 .\CortexM3\ARM_GCC_493\Debug\MPI_4_Channel.a(CySpc.o)
 .debug_abbrev  0x00001241      0x173 .\CortexM3\ARM_GCC_493\Debug\MPI_4_Channel.a(isr_rx.o)
 .debug_abbrev  0x000013b4      0x139 .\CortexM3\ARM_GCC_493\Debug\MPI_4_Channel.a(UART_1_IntClock.o)
 .debug_abbrev  0x000014ed       0x90 .\CortexM3\ARM_GCC_493\Debug\MPI_4_Channel.a(LED.o)
 .debug_abbrev  0x0000157d       0x14 .\CortexM3\ARM_GCC_493\Debug\MPI_4_Channel.a(CyBootAsmGnu.o)

.debug_line     0x00000000     0x1e93
 *(.debug_line)
 .debug_line    0x00000000      0x271 .\CortexM3\ARM_GCC_493\Debug\main.o
 .debug_line    0x00000271       0x51 .\CortexM3\ARM_GCC_493\Debug\cymetadata.o
 .debug_line    0x000002c2      0x239 .\CortexM3\ARM_GCC_493\Debug\Cm3Start.o
 .debug_line    0x000004fb      0x1ed .\CortexM3\ARM_GCC_493\Debug\MPI_4_Channel.a(cyfitter_cfg.o)
 .debug_line    0x000006e8      0x306 .\CortexM3\ARM_GCC_493\Debug\MPI_4_Channel.a(UART_1.o)
 .debug_line    0x000009ee       0x84 .\CortexM3\ARM_GCC_493\Debug\MPI_4_Channel.a(UART_1_INT.o)
 .debug_line    0x00000a72       0xda .\CortexM3\ARM_GCC_493\Debug\MPI_4_Channel.a(Em_EEPROM_1.o)
 .debug_line    0x00000b4c      0x1ea .\CortexM3\ARM_GCC_493\Debug\MPI_4_Channel.a(CyFlash.o)
 .debug_line    0x00000d36      0x816 .\CortexM3\ARM_GCC_493\Debug\MPI_4_Channel.a(CyLib.o)
 .debug_line    0x0000154c      0x364 .\CortexM3\ARM_GCC_493\Debug\MPI_4_Channel.a(cyPm.o)
 .debug_line    0x000018b0      0x23c .\CortexM3\ARM_GCC_493\Debug\MPI_4_Channel.a(CySpc.o)
 .debug_line    0x00001aec      0x133 .\CortexM3\ARM_GCC_493\Debug\MPI_4_Channel.a(isr_rx.o)
 .debug_line    0x00001c1f      0x17e .\CortexM3\ARM_GCC_493\Debug\MPI_4_Channel.a(UART_1_IntClock.o)
 .debug_line    0x00001d9d       0x90 .\CortexM3\ARM_GCC_493\Debug\MPI_4_Channel.a(LED.o)
 .debug_line    0x00001e2d       0x66 .\CortexM3\ARM_GCC_493\Debug\MPI_4_Channel.a(CyBootAsmGnu.o)

.debug_frame    0x00000000     0x16ec
 *(.debug_frame)
 .debug_frame   0x00000000       0x98 .\CortexM3\ARM_GCC_493\Debug\main.o
 .debug_frame   0x00000098       0xb8 .\CortexM3\ARM_GCC_493\Debug\Cm3Start.o
 .debug_frame   0x00000150       0xe4 .\CortexM3\ARM_GCC_493\Debug\MPI_4_Channel.a(cyfitter_cfg.o)
 .debug_frame   0x00000234      0x25c .\CortexM3\ARM_GCC_493\Debug\MPI_4_Channel.a(UART_1.o)
 .debug_frame   0x00000490       0x20 .\CortexM3\ARM_GCC_493\Debug\MPI_4_Channel.a(UART_1_INT.o)
 .debug_frame   0x000004b0       0x68 .\CortexM3\ARM_GCC_493\Debug\MPI_4_Channel.a(Em_EEPROM_1.o)
 .debug_frame   0x00000518      0x174 .\CortexM3\ARM_GCC_493\Debug\MPI_4_Channel.a(CyFlash.o)
 .debug_frame   0x0000068c      0x738 .\CortexM3\ARM_GCC_493\Debug\MPI_4_Channel.a(CyLib.o)
 .debug_frame   0x00000dc4      0x1f8 .\CortexM3\ARM_GCC_493\Debug\MPI_4_Channel.a(cyPm.o)
 .debug_frame   0x00000fbc      0x160 .\CortexM3\ARM_GCC_493\Debug\MPI_4_Channel.a(CySpc.o)
 .debug_frame   0x0000111c      0x104 .\CortexM3\ARM_GCC_493\Debug\MPI_4_Channel.a(isr_rx.o)
 .debug_frame   0x00001220       0xe0 .\CortexM3\ARM_GCC_493\Debug\MPI_4_Channel.a(UART_1_IntClock.o)
 .debug_frame   0x00001300       0x50 .\CortexM3\ARM_GCC_493\Debug\MPI_4_Channel.a(LED.o)
 .debug_frame   0x00001350       0x20 d:/programs/cypress/psoc creator/4.0/psoc creator/import/gnu/arm/4.9.3/bin/../lib/gcc/arm-none-eabi/4.9.3/../../../../arm-none-eabi/lib/armv7-m\libg_nano.a(lib_a-errno.o)
 .debug_frame   0x00001370       0x28 d:/programs/cypress/psoc creator/4.0/psoc creator/import/gnu/arm/4.9.3/bin/../lib/gcc/arm-none-eabi/4.9.3/../../../../arm-none-eabi/lib/armv7-m\libg_nano.a(lib_a-exit.o)
 .debug_frame   0x00001398       0x2c d:/programs/cypress/psoc creator/4.0/psoc creator/import/gnu/arm/4.9.3/bin/../lib/gcc/arm-none-eabi/4.9.3/../../../../arm-none-eabi/lib/armv7-m\libg_nano.a(lib_a-init.o)
 .debug_frame   0x000013c4       0x28 d:/programs/cypress/psoc creator/4.0/psoc creator/import/gnu/arm/4.9.3/bin/../lib/gcc/arm-none-eabi/4.9.3/../../../../arm-none-eabi/lib/armv7-m\libg_nano.a(lib_a-memcpy.o)
 .debug_frame   0x000013ec       0x20 d:/programs/cypress/psoc creator/4.0/psoc creator/import/gnu/arm/4.9.3/bin/../lib/gcc/arm-none-eabi/4.9.3/../../../../arm-none-eabi/lib/armv7-m\libg_nano.a(lib_a-memset.o)
 .debug_frame   0x0000140c       0x70 d:/programs/cypress/psoc creator/4.0/psoc creator/import/gnu/arm/4.9.3/bin/../lib/gcc/arm-none-eabi/4.9.3/../../../../arm-none-eabi/lib/armv7-m\libg_nano.a(lib_a-sprintf.o)
 .debug_frame   0x0000147c       0x8c d:/programs/cypress/psoc creator/4.0/psoc creator/import/gnu/arm/4.9.3/bin/../lib/gcc/arm-none-eabi/4.9.3/../../../../arm-none-eabi/lib/armv7-m\libg_nano.a(lib_a-nano-svfprintf.o)
 .debug_frame   0x00001508       0x58 d:/programs/cypress/psoc creator/4.0/psoc creator/import/gnu/arm/4.9.3/bin/../lib/gcc/arm-none-eabi/4.9.3/../../../../arm-none-eabi/lib/armv7-m\libg_nano.a(lib_a-nano-vfprintf_i.o)
 .debug_frame   0x00001560       0x28 d:/programs/cypress/psoc creator/4.0/psoc creator/import/gnu/arm/4.9.3/bin/../lib/gcc/arm-none-eabi/4.9.3/../../../../arm-none-eabi/lib/armv7-m\libg_nano.a(lib_a-memchr.o)
 .debug_frame   0x00001588       0x28 d:/programs/cypress/psoc creator/4.0/psoc creator/import/gnu/arm/4.9.3/bin/../lib/gcc/arm-none-eabi/4.9.3/../../../../arm-none-eabi/lib/armv7-m\libg_nano.a(lib_a-memmove.o)
 .debug_frame   0x000015b0       0x2c d:/programs/cypress/psoc creator/4.0/psoc creator/import/gnu/arm/4.9.3/bin/../lib/gcc/arm-none-eabi/4.9.3/../../../../arm-none-eabi/lib/armv7-m\libg_nano.a(lib_a-nano-freer.o)
 .debug_frame   0x000015dc       0x2c d:/programs/cypress/psoc creator/4.0/psoc creator/import/gnu/arm/4.9.3/bin/../lib/gcc/arm-none-eabi/4.9.3/../../../../arm-none-eabi/lib/armv7-m\libg_nano.a(lib_a-nano-mallocr.o)
 .debug_frame   0x00001608       0x3c d:/programs/cypress/psoc creator/4.0/psoc creator/import/gnu/arm/4.9.3/bin/../lib/gcc/arm-none-eabi/4.9.3/../../../../arm-none-eabi/lib/armv7-m\libg_nano.a(lib_a-nano-reallocr.o)
 .debug_frame   0x00001644       0x2c d:/programs/cypress/psoc creator/4.0/psoc creator/import/gnu/arm/4.9.3/bin/../lib/gcc/arm-none-eabi/4.9.3/../../../../arm-none-eabi/lib/armv7-m\libg_nano.a(lib_a-sbrkr.o)
 .debug_frame   0x00001670       0x20 d:/programs/cypress/psoc creator/4.0/psoc creator/import/gnu/arm/4.9.3/bin/../lib/gcc/arm-none-eabi/4.9.3/../../../../arm-none-eabi/lib/armv7-m\libg_nano.a(lib_a-nano-msizer.o)
 .debug_frame   0x00001690       0x5c d:/programs/cypress/psoc creator/4.0/psoc creator/import/gnu/arm/4.9.3/bin/../lib/gcc/arm-none-eabi/4.9.3/../../../../arm-none-eabi/lib/armv7-m\libg_nano.a(lib_a-reent.o)

.debug_str      0x00000000     0x1b46
 *(.debug_str)
 .debug_str     0x00000000      0x33a .\CortexM3\ARM_GCC_493\Debug\main.o
                                0x382 (size before relaxing)
 .debug_str     0x0000033a       0x75 .\CortexM3\ARM_GCC_493\Debug\cymetadata.o
                                0x1ee (size before relaxing)
 .debug_str     0x000003af      0x14f .\CortexM3\ARM_GCC_493\Debug\Cm3Start.o
                                0x302 (size before relaxing)
 .debug_str     0x000004fe      0x189 .\CortexM3\ARM_GCC_493\Debug\MPI_4_Channel.a(cyfitter_cfg.o)
                                0x33c (size before relaxing)
 .debug_str     0x00000687      0x372 .\CortexM3\ARM_GCC_493\Debug\MPI_4_Channel.a(UART_1.o)
                                0x593 (size before relaxing)
 .debug_str     0x000009f9       0x57 .\CortexM3\ARM_GCC_493\Debug\MPI_4_Channel.a(UART_1_INT.o)
                                0x253 (size before relaxing)
 .debug_str     0x00000a50       0xdc .\CortexM3\ARM_GCC_493\Debug\MPI_4_Channel.a(Em_EEPROM_1.o)
                                0x28d (size before relaxing)
 .debug_str     0x00000b2c      0x192 .\CortexM3\ARM_GCC_493\Debug\MPI_4_Channel.a(CyFlash.o)
                                0x399 (size before relaxing)
 .debug_str     0x00000cbe      0x7cb .\CortexM3\ARM_GCC_493\Debug\MPI_4_Channel.a(CyLib.o)
                                0xa3f (size before relaxing)
 .debug_str     0x00001489      0x343 .\CortexM3\ARM_GCC_493\Debug\MPI_4_Channel.a(cyPm.o)
                                0x71f (size before relaxing)
 .debug_str     0x000017cc       0xac .\CortexM3\ARM_GCC_493\Debug\MPI_4_Channel.a(CySpc.o)
                                0x322 (size before relaxing)
 .debug_str     0x00001878       0xe5 .\CortexM3\ARM_GCC_493\Debug\MPI_4_Channel.a(isr_rx.o)
                                0x2ac (size before relaxing)
 .debug_str     0x0000195d      0x197 .\CortexM3\ARM_GCC_493\Debug\MPI_4_Channel.a(UART_1_IntClock.o)
                                0x352 (size before relaxing)
 .debug_str     0x00001af4       0x52 .\CortexM3\ARM_GCC_493\Debug\MPI_4_Channel.a(LED.o)
                                0x1dc (size before relaxing)

.debug_loc      0x00000000     0x20be
 *(.debug_loc)
 .debug_loc     0x00000000       0xde .\CortexM3\ARM_GCC_493\Debug\main.o
 .debug_loc     0x000000de      0x144 .\CortexM3\ARM_GCC_493\Debug\Cm3Start.o
 .debug_loc     0x00000222      0x25a .\CortexM3\ARM_GCC_493\Debug\MPI_4_Channel.a(cyfitter_cfg.o)
 .debug_loc     0x0000047c      0x34e .\CortexM3\ARM_GCC_493\Debug\MPI_4_Channel.a(UART_1.o)
 .debug_loc     0x000007ca       0x45 .\CortexM3\ARM_GCC_493\Debug\MPI_4_Channel.a(UART_1_INT.o)
 .debug_loc     0x0000080f      0x1a9 .\CortexM3\ARM_GCC_493\Debug\MPI_4_Channel.a(Em_EEPROM_1.o)
 .debug_loc     0x000009b8      0x300 .\CortexM3\ARM_GCC_493\Debug\MPI_4_Channel.a(CyFlash.o)
 .debug_loc     0x00000cb8      0xa11 .\CortexM3\ARM_GCC_493\Debug\MPI_4_Channel.a(CyLib.o)
 .debug_loc     0x000016c9      0x1e4 .\CortexM3\ARM_GCC_493\Debug\MPI_4_Channel.a(cyPm.o)
 .debug_loc     0x000018ad      0x64d .\CortexM3\ARM_GCC_493\Debug\MPI_4_Channel.a(CySpc.o)
 .debug_loc     0x00001efa       0x56 .\CortexM3\ARM_GCC_493\Debug\MPI_4_Channel.a(isr_rx.o)
 .debug_loc     0x00001f50      0x12c .\CortexM3\ARM_GCC_493\Debug\MPI_4_Channel.a(UART_1_IntClock.o)
 .debug_loc     0x0000207c       0x42 .\CortexM3\ARM_GCC_493\Debug\MPI_4_Channel.a(LED.o)

.debug_macinfo
 *(.debug_macinfo)

.debug_ranges   0x00000000      0x6a0
 *(.debug_ranges)
 .debug_ranges  0x00000000       0x28 .\CortexM3\ARM_GCC_493\Debug\main.o
 .debug_ranges  0x00000028       0x38 .\CortexM3\ARM_GCC_493\Debug\Cm3Start.o
 .debug_ranges  0x00000060       0x48 .\CortexM3\ARM_GCC_493\Debug\MPI_4_Channel.a(cyfitter_cfg.o)
 .debug_ranges  0x000000a8       0xe0 .\CortexM3\ARM_GCC_493\Debug\MPI_4_Channel.a(UART_1.o)
 .debug_ranges  0x00000188       0x10 .\CortexM3\ARM_GCC_493\Debug\MPI_4_Channel.a(UART_1_INT.o)
 .debug_ranges  0x00000198       0x20 .\CortexM3\ARM_GCC_493\Debug\MPI_4_Channel.a(Em_EEPROM_1.o)
 .debug_ranges  0x000001b8       0x70 .\CortexM3\ARM_GCC_493\Debug\MPI_4_Channel.a(CyFlash.o)
 .debug_ranges  0x00000228      0x290 .\CortexM3\ARM_GCC_493\Debug\MPI_4_Channel.a(CyLib.o)
 .debug_ranges  0x000004b8       0x88 .\CortexM3\ARM_GCC_493\Debug\MPI_4_Channel.a(cyPm.o)
 .debug_ranges  0x00000540       0x68 .\CortexM3\ARM_GCC_493\Debug\MPI_4_Channel.a(CySpc.o)
 .debug_ranges  0x000005a8       0x70 .\CortexM3\ARM_GCC_493\Debug\MPI_4_Channel.a(isr_rx.o)
 .debug_ranges  0x00000618       0x60 .\CortexM3\ARM_GCC_493\Debug\MPI_4_Channel.a(UART_1_IntClock.o)
 .debug_ranges  0x00000678       0x28 .\CortexM3\ARM_GCC_493\Debug\MPI_4_Channel.a(LED.o)

.comment        0x00000000       0x70
 .comment       0x00000000       0x70 .\CortexM3\ARM_GCC_493\Debug\main.o
                                 0x71 (size before relaxing)
 .comment       0x00000000       0x71 .\CortexM3\ARM_GCC_493\Debug\cymetadata.o
 .comment       0x00000000       0x71 .\CortexM3\ARM_GCC_493\Debug\Cm3Start.o
 .comment       0x00000000       0x71 .\CortexM3\ARM_GCC_493\Debug\MPI_4_Channel.a(cyfitter_cfg.o)
 .comment       0x00000000       0x71 .\CortexM3\ARM_GCC_493\Debug\MPI_4_Channel.a(UART_1.o)
 .comment       0x00000000       0x71 .\CortexM3\ARM_GCC_493\Debug\MPI_4_Channel.a(UART_1_INT.o)
 .comment       0x00000000       0x71 .\CortexM3\ARM_GCC_493\Debug\MPI_4_Channel.a(Em_EEPROM_1.o)
 .comment       0x00000000       0x71 .\CortexM3\ARM_GCC_493\Debug\MPI_4_Channel.a(CyFlash.o)
 .comment       0x00000000       0x71 .\CortexM3\ARM_GCC_493\Debug\MPI_4_Channel.a(CyLib.o)
 .comment       0x00000000       0x71 .\CortexM3\ARM_GCC_493\Debug\MPI_4_Channel.a(cyPm.o)
 .comment       0x00000000       0x71 .\CortexM3\ARM_GCC_493\Debug\MPI_4_Channel.a(CySpc.o)
 .comment       0x00000000       0x71 .\CortexM3\ARM_GCC_493\Debug\MPI_4_Channel.a(isr_rx.o)
 .comment       0x00000000       0x71 .\CortexM3\ARM_GCC_493\Debug\MPI_4_Channel.a(UART_1_IntClock.o)
 .comment       0x00000000       0x71 .\CortexM3\ARM_GCC_493\Debug\MPI_4_Channel.a(LED.o)

.debug_weaknames
 *(.debug_weaknames)

.debug_funcnames
 *(.debug_funcnames)

.debug_typenames
 *(.debug_typenames)

.debug_varnames
 *(.debug_varnames)

.note.gnu.arm.ident
 *(.note.gnu.arm.ident)

.ARM.attributes
                0x00000000       0x29
 *(.ARM.attributes)
 .ARM.attributes
                0x00000000       0x1d d:/programs/cypress/psoc creator/4.0/psoc creator/import/gnu/arm/4.9.3/bin/../lib/gcc/arm-none-eabi/4.9.3/armv7-m/crti.o
 .ARM.attributes
                0x0000001d       0x2d d:/programs/cypress/psoc creator/4.0/psoc creator/import/gnu/arm/4.9.3/bin/../lib/gcc/arm-none-eabi/4.9.3/armv7-m/crtbegin.o
 .ARM.attributes
                0x0000004a       0x1b d:/programs/cypress/psoc creator/4.0/psoc creator/import/gnu/arm/4.9.3/bin/../lib/gcc/arm-none-eabi/4.9.3/../../../../arm-none-eabi/lib/armv7-m/crt0.o
 .ARM.attributes
                0x00000065       0x33 .\CortexM3\ARM_GCC_493\Debug\main.o
 .ARM.attributes
                0x00000098       0x33 .\CortexM3\ARM_GCC_493\Debug\cymetadata.o
 .ARM.attributes
                0x000000cb       0x33 .\CortexM3\ARM_GCC_493\Debug\Cm3Start.o
 .ARM.attributes
                0x000000fe       0x33 .\CortexM3\ARM_GCC_493\Debug\MPI_4_Channel.a(cyfitter_cfg.o)
 .ARM.attributes
                0x00000131       0x33 .\CortexM3\ARM_GCC_493\Debug\MPI_4_Channel.a(UART_1.o)
 .ARM.attributes
                0x00000164       0x33 .\CortexM3\ARM_GCC_493\Debug\MPI_4_Channel.a(UART_1_INT.o)
 .ARM.attributes
                0x00000197       0x33 .\CortexM3\ARM_GCC_493\Debug\MPI_4_Channel.a(Em_EEPROM_1.o)
 .ARM.attributes
                0x000001ca       0x33 .\CortexM3\ARM_GCC_493\Debug\MPI_4_Channel.a(CyFlash.o)
 .ARM.attributes
                0x000001fd       0x33 .\CortexM3\ARM_GCC_493\Debug\MPI_4_Channel.a(CyLib.o)
 .ARM.attributes
                0x00000230       0x33 .\CortexM3\ARM_GCC_493\Debug\MPI_4_Channel.a(cyPm.o)
 .ARM.attributes
                0x00000263       0x33 .\CortexM3\ARM_GCC_493\Debug\MPI_4_Channel.a(CySpc.o)
 .ARM.attributes
                0x00000296       0x33 .\CortexM3\ARM_GCC_493\Debug\MPI_4_Channel.a(isr_rx.o)
 .ARM.attributes
                0x000002c9       0x33 .\CortexM3\ARM_GCC_493\Debug\MPI_4_Channel.a(UART_1_IntClock.o)
 .ARM.attributes
                0x000002fc       0x33 .\CortexM3\ARM_GCC_493\Debug\MPI_4_Channel.a(LED.o)
 .ARM.attributes
                0x0000032f       0x21 .\CortexM3\ARM_GCC_493\Debug\MPI_4_Channel.a(CyBootAsmGnu.o)
 .ARM.attributes
                0x00000350       0x1d d:/programs/cypress/psoc creator/4.0/psoc creator/import/gnu/arm/4.9.3/bin/../lib/gcc/arm-none-eabi/4.9.3/armv7-m\libgcc.a(_arm_muldivsf3.o)
 .ARM.attributes
                0x0000036d       0x1d d:/programs/cypress/psoc creator/4.0/psoc creator/import/gnu/arm/4.9.3/bin/../lib/gcc/arm-none-eabi/4.9.3/armv7-m\libgcc.a(_arm_cmpsf2.o)
 .ARM.attributes
                0x0000038a       0x1d d:/programs/cypress/psoc creator/4.0/psoc creator/import/gnu/arm/4.9.3/bin/../lib/gcc/arm-none-eabi/4.9.3/armv7-m\libgcc.a(_arm_fixsfsi.o)
 .ARM.attributes
                0x000003a7       0x2d d:/programs/cypress/psoc creator/4.0/psoc creator/import/gnu/arm/4.9.3/bin/../lib/gcc/arm-none-eabi/4.9.3/../../../../arm-none-eabi/lib/armv7-m\libg_nano.a(lib_a-errno.o)
 .ARM.attributes
                0x000003d4       0x2d d:/programs/cypress/psoc creator/4.0/psoc creator/import/gnu/arm/4.9.3/bin/../lib/gcc/arm-none-eabi/4.9.3/../../../../arm-none-eabi/lib/armv7-m\libg_nano.a(lib_a-exit.o)
 .ARM.attributes
                0x00000401       0x2d d:/programs/cypress/psoc creator/4.0/psoc creator/import/gnu/arm/4.9.3/bin/../lib/gcc/arm-none-eabi/4.9.3/../../../../arm-none-eabi/lib/armv7-m\libg_nano.a(lib_a-impure.o)
 .ARM.attributes
                0x0000042e       0x2d d:/programs/cypress/psoc creator/4.0/psoc creator/import/gnu/arm/4.9.3/bin/../lib/gcc/arm-none-eabi/4.9.3/../../../../arm-none-eabi/lib/armv7-m\libg_nano.a(lib_a-init.o)
 .ARM.attributes
                0x0000045b       0x2d d:/programs/cypress/psoc creator/4.0/psoc creator/import/gnu/arm/4.9.3/bin/../lib/gcc/arm-none-eabi/4.9.3/../../../../arm-none-eabi/lib/armv7-m\libg_nano.a(lib_a-memcpy.o)
 .ARM.attributes
                0x00000488       0x2d d:/programs/cypress/psoc creator/4.0/psoc creator/import/gnu/arm/4.9.3/bin/../lib/gcc/arm-none-eabi/4.9.3/../../../../arm-none-eabi/lib/armv7-m\libg_nano.a(lib_a-memset.o)
 .ARM.attributes
                0x000004b5       0x2d d:/programs/cypress/psoc creator/4.0/psoc creator/import/gnu/arm/4.9.3/bin/../lib/gcc/arm-none-eabi/4.9.3/../../../../arm-none-eabi/lib/armv7-m\libg_nano.a(lib_a-sprintf.o)
 .ARM.attributes
                0x000004e2       0x2d d:/programs/cypress/psoc creator/4.0/psoc creator/import/gnu/arm/4.9.3/bin/../lib/gcc/arm-none-eabi/4.9.3/../../../../arm-none-eabi/lib/armv7-m\libg_nano.a(lib_a-nano-svfprintf.o)
 .ARM.attributes
                0x0000050f       0x2d d:/programs/cypress/psoc creator/4.0/psoc creator/import/gnu/arm/4.9.3/bin/../lib/gcc/arm-none-eabi/4.9.3/../../../../arm-none-eabi/lib/armv7-m\libg_nano.a(lib_a-nano-vfprintf_i.o)
 .ARM.attributes
                0x0000053c       0x2d d:/programs/cypress/psoc creator/4.0/psoc creator/import/gnu/arm/4.9.3/bin/../lib/gcc/arm-none-eabi/4.9.3/../../../../arm-none-eabi/lib/armv7-m\libg_nano.a(lib_a-memchr.o)
 .ARM.attributes
                0x00000569       0x2d d:/programs/cypress/psoc creator/4.0/psoc creator/import/gnu/arm/4.9.3/bin/../lib/gcc/arm-none-eabi/4.9.3/../../../../arm-none-eabi/lib/armv7-m\libg_nano.a(lib_a-memmove.o)
 .ARM.attributes
                0x00000596       0x2d d:/programs/cypress/psoc creator/4.0/psoc creator/import/gnu/arm/4.9.3/bin/../lib/gcc/arm-none-eabi/4.9.3/../../../../arm-none-eabi/lib/armv7-m\libg_nano.a(lib_a-nano-freer.o)
 .ARM.attributes
                0x000005c3       0x2d d:/programs/cypress/psoc creator/4.0/psoc creator/import/gnu/arm/4.9.3/bin/../lib/gcc/arm-none-eabi/4.9.3/../../../../arm-none-eabi/lib/armv7-m\libg_nano.a(lib_a-nano-mallocr.o)
 .ARM.attributes
                0x000005f0       0x2d d:/programs/cypress/psoc creator/4.0/psoc creator/import/gnu/arm/4.9.3/bin/../lib/gcc/arm-none-eabi/4.9.3/../../../../arm-none-eabi/lib/armv7-m\libg_nano.a(lib_a-nano-reallocr.o)
 .ARM.attributes
                0x0000061d       0x2d d:/programs/cypress/psoc creator/4.0/psoc creator/import/gnu/arm/4.9.3/bin/../lib/gcc/arm-none-eabi/4.9.3/../../../../arm-none-eabi/lib/armv7-m\libg_nano.a(lib_a-sbrkr.o)
 .ARM.attributes
                0x0000064a       0x2d d:/programs/cypress/psoc creator/4.0/psoc creator/import/gnu/arm/4.9.3/bin/../lib/gcc/arm-none-eabi/4.9.3/../../../../arm-none-eabi/lib/armv7-m\libg_nano.a(lib_a-nano-msizer.o)
 .ARM.attributes
                0x00000677       0x2d d:/programs/cypress/psoc creator/4.0/psoc creator/import/gnu/arm/4.9.3/bin/../lib/gcc/arm-none-eabi/4.9.3/../../../../arm-none-eabi/lib/armv7-m\libg_nano.a(lib_a-reent.o)
 .ARM.attributes
                0x000006a4       0x2d d:/programs/cypress/psoc creator/4.0/psoc creator/import/gnu/arm/4.9.3/bin/../lib/gcc/arm-none-eabi/4.9.3/armv7-m/crtend.o
 .ARM.attributes
                0x000006d1       0x1d d:/programs/cypress/psoc creator/4.0/psoc creator/import/gnu/arm/4.9.3/bin/../lib/gcc/arm-none-eabi/4.9.3/armv7-m/crtn.o

/DISCARD/
 *(.note.GNU-stack)
OUTPUT(.\CortexM3\ARM_GCC_493\Debug\MPI_4_Channel.elf elf32-littlearm)
